Archive Project report for Topo
Wed Jul 03 16:39:23 2024
Quartus II 64-Bit Version 13.1.0 Build 162 10/23/2013 SJ Web Edition


---------------------
; Table of Contents ;
---------------------
  1. Legal Notice
  2. Archive Project Summary
  3. Archive Project Messages
  4. Files Archived



----------------
; Legal Notice ;
----------------
Copyright (C) 1991-2013 Altera Corporation
Your use of Altera Corporation's design tools, logic functions 
and other software and tools, and its AMPP partner logic 
functions, and any output files from any of the foregoing 
(including device programming or simulation files), and any 
associated documentation or information are expressly subject 
to the terms and conditions of the Altera Program License 
Subscription Agreement, Altera MegaCore Function License 
Agreement, or other applicable license agreement, including, 
without limitation, that your use is for the sole purpose of 
programming logic devices manufactured by Altera and sold by 
Altera or its authorized distributors.  Please refer to the 
applicable agreement for further details.



+----------------------------------------------------------------+
; Archive Project Summary                                        ;
+------------------------+---------------------------------------+
; Archive Project Status ; Successful - Wed Jul 03 16:39:23 2024 ;
; Revision Name          ; Topo                                  ;
; Top-level Entity Name  ; Topo                                  ;
; Family                 ; Cyclone III                           ;
+------------------------+---------------------------------------+


+--------------------------+
; Archive Project Messages ;
+--------------------------+
Info: File Set 'Source control' contains:
    Info: Project source and settings files
    Info: Automatically detected source files
Info: ----------------------------------------------------------
Info: ----------------------------------------------------------
Info: Generated archive 'C:/Users/Pichau/Desktop/ProjetoFinal/src/genius_prj.qar'
Info: ----------------------------------------------------------
Info: ----------------------------------------------------------
Info: Generated report 'Topo.archive.rpt'
Info (23030): Evaluation of Tcl script c:/altera/13.1/quartus/common/tcl/apps/qpm/qar.tcl was successful
Info: Quartus II 64-Bit Shell was successful. 0 errors, 0 warnings
    Info: Peak virtual memory: 4476 megabytes
    Info: Processing ended: Wed Jul 03 16:39:23 2024
    Info: Elapsed time: 00:00:01
    Info: Total CPU time (on all processors): 00:00:00


+----------------------------------------------------------+
; Files Archived                                           ;
+----------------------------------------------------------+
; File Name                                                ;
+----------------------------------------------------------+
; ../src/ButtonSync.v                                      ;
; ../src/controle.v                                        ;
; ../src/counter_FPGA.v                                    ;
; ../src/counter_round.v                                   ;
; ../src/counter_time.v                                    ;
; ../src/counter_User.v                                    ;
; ../src/datapath.v                                        ;
; ../src/dec7seg.v                                         ;
; ../src/FMS_CLOCK.v                                       ;
; ../src/LOGICA.v                                          ;
; ../src/mux2x1.v                                          ;
; ../src/MUX4X1.v                                          ;
; ../src/MUX4x1_4bits.v                                    ;
; ../src/REG_FPGA.v                                        ;
; ../src/REG_Setup.v                                       ;
; ../src/REG_user.v                                        ;
; ../src/SEQ0.v                                            ;
; ../src/SEQ1.v                                            ;
; ../src/SEQ2.v                                            ;
; ../src/SEQ3.v                                            ;
; ../src/Topo.v                                            ;
; c:/altera/13.1/quartus/bin64/assignment_defaults.qdf     ;
; C:/Users/Pichau/Desktop/ProjetoFinal/src/ButtonSync.v    ;
; C:/Users/Pichau/Desktop/ProjetoFinal/src/controle.v      ;
; C:/Users/Pichau/Desktop/ProjetoFinal/src/counter_FPGA.v  ;
; C:/Users/Pichau/Desktop/ProjetoFinal/src/counter_round.v ;
; C:/Users/Pichau/Desktop/ProjetoFinal/src/counter_time.v  ;
; C:/Users/Pichau/Desktop/ProjetoFinal/src/counter_User.v  ;
; C:/Users/Pichau/Desktop/ProjetoFinal/src/datapath.v      ;
; C:/Users/Pichau/Desktop/ProjetoFinal/src/dec7seg.v       ;
; C:/Users/Pichau/Desktop/ProjetoFinal/src/FMS_CLOCK.v     ;
; C:/Users/Pichau/Desktop/ProjetoFinal/src/LOGICA.v        ;
; C:/Users/Pichau/Desktop/ProjetoFinal/src/mux2x1.v        ;
; C:/Users/Pichau/Desktop/ProjetoFinal/src/MUX4X1.v        ;
; C:/Users/Pichau/Desktop/ProjetoFinal/src/MUX4x1_4bits.v  ;
; C:/Users/Pichau/Desktop/ProjetoFinal/src/REG_FPGA.v      ;
; C:/Users/Pichau/Desktop/ProjetoFinal/src/REG_Setup.v     ;
; C:/Users/Pichau/Desktop/ProjetoFinal/src/REG_user.v      ;
; C:/Users/Pichau/Desktop/ProjetoFinal/src/SEQ0.v          ;
; C:/Users/Pichau/Desktop/ProjetoFinal/src/SEQ1.v          ;
; C:/Users/Pichau/Desktop/ProjetoFinal/src/SEQ2.v          ;
; C:/Users/Pichau/Desktop/ProjetoFinal/src/SEQ3.v          ;
; C:/Users/Pichau/Desktop/ProjetoFinal/src/Topo.v          ;
; db/Topo.db_info                                          ;
; genius_prj.qpf                                           ;
; incremental_db/compiled_partitions/Topo.db_info          ;
; Topo.qsf                                                 ;
+----------------------------------------------------------+


